
> fir-notam-frontend@1.0.0 build
> tsc && vite build

vite v5.4.21 building for production...
transforming...
✓ 1473 modules transformed.
x Build failed in 1.40s
error during build:
[commonjs--resolver] Failed to resolve entry for package "react-map-gl". The package may have incorrect main/module/exports specified in its package.json: Missing "." specifier in "react-map-gl" package
    at packageEntryFailure (file:///home/yash/Desktop/IFOA-PROJECTS/fir-notamv2/firnotams/frontend/node_modules/vite/dist/node/chunks/dep-BK3b2jBa.js:46638:15)
    at resolvePackageEntry (file:///home/yash/Desktop/IFOA-PROJECTS/fir-notamv2/firnotams/frontend/node_modules/vite/dist/node/chunks/dep-BK3b2jBa.js:46633:5)
    at tryNodeResolve (file:///home/yash/Desktop/IFOA-PROJECTS/fir-notamv2/firnotams/frontend/node_modules/vite/dist/node/chunks/dep-BK3b2jBa.js:46451:16)
    at Object.resolveId (file:///home/yash/Desktop/IFOA-PROJECTS/fir-notamv2/firnotams/frontend/node_modules/vite/dist/node/chunks/dep-BK3b2jBa.js:46201:19)
    at file:///home/yash/Desktop/IFOA-PROJECTS/fir-notamv2/firnotams/frontend/node_modules/rollup/dist/es/shared/node-entry.js:22571:40
    at async PluginDriver.hookFirstAndGetPlugin (file:///home/yash/Desktop/IFOA-PROJECTS/fir-notamv2/firnotams/frontend/node_modules/rollup/dist/es/shared/node-entry.js:22453:28)
    at async resolveId (file:///home/yash/Desktop/IFOA-PROJECTS/fir-notamv2/firnotams/frontend/node_modules/rollup/dist/es/shared/node-entry.js:20912:26)
    at async ModuleLoader.resolveId (file:///home/yash/Desktop/IFOA-PROJECTS/fir-notamv2/firnotams/frontend/node_modules/rollup/dist/es/shared/node-entry.js:21358:15)
    at async Object.resolveId (file:///home/yash/Desktop/IFOA-PROJECTS/fir-notamv2/firnotams/frontend/node_modules/vite/dist/node/chunks/dep-BK3b2jBa.js:12834:10)
    at async PluginDriver.hookFirstAndGetPlugin (file:///home/yash/Desktop/IFOA-PROJECTS/fir-notamv2/firnotams/frontend/node_modules/rollup/dist/es/shared/node-entry.js:22453:28)
